Classic Timing Analyzer report for subtract
Tue Apr 19 00:26:02 2022
Quartus II Version 9.0 Build 132 02/25/2009 SJ Web Edition


---------------------
; Table of Contents ;
---------------------
  1. Legal Notice
  2. Timing Analyzer Summary
  3. Timing Analyzer Settings
  4. Parallel Compilation
  5. tpd
  6. Timing Analyzer Messages



----------------
; Legal Notice ;
----------------
Copyright (C) 1991-2009 Altera Corporation
Your use of Altera Corporation's design tools, logic functions 
and other software and tools, and its AMPP partner logic 
functions, and any output files from any of the foregoing 
(including device programming or simulation files), and any 
associated documentation or information are expressly subject 
to the terms and conditions of the Altera Program License 
Subscription Agreement, Altera MegaCore Function License 
Agreement, or other applicable license agreement, including, 
without limitation, that your use is for the sole purpose of 
programming logic devices manufactured by Altera and sold by 
Altera or its authorized distributors.  Please refer to the 
applicable agreement for further details.



+---------------------------------------------------------------------------------------------------------------------------------+
; Timing Analyzer Summary                                                                                                         ;
+------------------------------+-------+---------------+-------------+---------+-----------+------------+----------+--------------+
; Type                         ; Slack ; Required Time ; Actual Time ; From    ; To        ; From Clock ; To Clock ; Failed Paths ;
+------------------------------+-------+---------------+-------------+---------+-----------+------------+----------+--------------+
; Worst-case tpd               ; N/A   ; None          ; 9.776 ns    ; inp1[7] ; output[0] ; --         ; --       ; 0            ;
; Total number of failed paths ;       ;               ;             ;         ;           ;            ;          ; 0            ;
+------------------------------+-------+---------------+-------------+---------+-----------+------------+----------+--------------+


+--------------------------------------------------------------------------------------------------------------------+
; Timing Analyzer Settings                                                                                           ;
+---------------------------------------------------------------------+--------------------+------+----+-------------+
; Option                                                              ; Setting            ; From ; To ; Entity Name ;
+---------------------------------------------------------------------+--------------------+------+----+-------------+
; Device Name                                                         ; EP2S15F484C3       ;      ;    ;             ;
; Timing Models                                                       ; Final              ;      ;    ;             ;
; Default hold multicycle                                             ; Same as Multicycle ;      ;    ;             ;
; Cut paths between unrelated clock domains                           ; On                 ;      ;    ;             ;
; Cut off read during write signal paths                              ; On                 ;      ;    ;             ;
; Cut off feedback from I/O pins                                      ; On                 ;      ;    ;             ;
; Report Combined Fast/Slow Timing                                    ; Off                ;      ;    ;             ;
; Ignore Clock Settings                                               ; Off                ;      ;    ;             ;
; Analyze latches as synchronous elements                             ; On                 ;      ;    ;             ;
; Enable Recovery/Removal analysis                                    ; Off                ;      ;    ;             ;
; Enable Clock Latency                                                ; Off                ;      ;    ;             ;
; Use TimeQuest Timing Analyzer                                       ; Off                ;      ;    ;             ;
; Number of source nodes to report per destination node               ; 10                 ;      ;    ;             ;
; Number of destination nodes to report                               ; 10                 ;      ;    ;             ;
; Number of paths to report                                           ; 200                ;      ;    ;             ;
; Report Minimum Timing Checks                                        ; Off                ;      ;    ;             ;
; Use Fast Timing Models                                              ; Off                ;      ;    ;             ;
; Report IO Paths Separately                                          ; Off                ;      ;    ;             ;
; Perform Multicorner Analysis                                        ; On                 ;      ;    ;             ;
; Reports the worst-case path for each clock domain and analysis      ; Off                ;      ;    ;             ;
; Removes common clock path pessimism (CCPP) during slack computation ; Off                ;      ;    ;             ;
; Output I/O Timing Endpoint                                          ; Near End           ;      ;    ;             ;
+---------------------------------------------------------------------+--------------------+------+----+-------------+


Parallel compilation was disabled, but you have multiple processors available. Enable parallel compilation to reduce compilation time.
+-------------------------------------+
; Parallel Compilation                ;
+----------------------------+--------+
; Processors                 ; Number ;
+----------------------------+--------+
; Number detected on machine ; 8      ;
; Maximum allowed            ; 1      ;
+----------------------------+--------+


+--------------------------------------------------------------------+
; tpd                                                                ;
+-------+-------------------+-----------------+---------+------------+
; Slack ; Required P2P Time ; Actual P2P Time ; From    ; To         ;
+-------+-------------------+-----------------+---------+------------+
; N/A   ; None              ; 9.776 ns        ; inp1[7] ; output[0]  ;
; N/A   ; None              ; 9.639 ns        ; inp2[7] ; output[0]  ;
; N/A   ; None              ; 9.252 ns        ; inp1[0] ; output[0]  ;
; N/A   ; None              ; 9.180 ns        ; inp1[7] ; output[7]  ;
; N/A   ; None              ; 9.134 ns        ; inp2[0] ; output[0]  ;
; N/A   ; None              ; 8.928 ns        ; inp2[7] ; output[7]  ;
; N/A   ; None              ; 8.598 ns        ; inp1[4] ; output[4]  ;
; N/A   ; None              ; 8.566 ns        ; inp1[6] ; output[6]  ;
; N/A   ; None              ; 8.265 ns        ; inp2[1] ; output[1]  ;
; N/A   ; None              ; 7.930 ns        ; inp2[5] ; output[5]  ;
; N/A   ; None              ; 7.868 ns        ; inp1[1] ; output[1]  ;
; N/A   ; None              ; 7.697 ns        ; inp1[7] ; borrow_out ;
; N/A   ; None              ; 7.619 ns        ; inp2[6] ; output[6]  ;
; N/A   ; None              ; 7.560 ns        ; inp2[7] ; borrow_out ;
; N/A   ; None              ; 7.449 ns        ; inp2[4] ; output[4]  ;
; N/A   ; None              ; 7.421 ns        ; inp2[3] ; output[3]  ;
; N/A   ; None              ; 7.207 ns        ; inp1[3] ; output[3]  ;
; N/A   ; None              ; 7.188 ns        ; inp1[2] ; output[2]  ;
; N/A   ; None              ; 7.152 ns        ; inp2[2] ; output[2]  ;
; N/A   ; None              ; 7.014 ns        ; inp1[5] ; output[5]  ;
+-------+-------------------+-----------------+---------+------------+


+--------------------------+
; Timing Analyzer Messages ;
+--------------------------+
Info: *******************************************************************
Info: Running Quartus II Classic Timing Analyzer
    Info: Version 9.0 Build 132 02/25/2009 SJ Web Edition
    Info: Processing started: Tue Apr 19 00:26:01 2022
Info: Command: quartus_tan --read_settings_files=off --write_settings_files=off subtract -c subtract --timing_analysis_only
Warning: Found combinational loop of 1 nodes
    Warning: Node "borrow~5"
Info: Longest tpd from source pin "inp1[7]" to destination pin "output[0]" is 9.776 ns
    Info: 1: + IC(0.000 ns) + CELL(0.830 ns) = 0.830 ns; Loc. = PIN_V22; Fanout = 3; PIN Node = 'inp1[7]'
    Info: 2: + IC(0.000 ns) + CELL(4.137 ns) = 4.967 ns; Loc. = LCCOMB_X11_Y3_N16; Fanout = 3; COMB LOOP Node = 'borrow~5'
        Info: Loc. = LCCOMB_X11_Y3_N16; Node "borrow~5"
    Info: 3: + IC(0.274 ns) + CELL(0.366 ns) = 5.607 ns; Loc. = LCCOMB_X11_Y3_N18; Fanout = 1; COMB Node = 'output~8'
    Info: 4: + IC(2.187 ns) + CELL(1.982 ns) = 9.776 ns; Loc. = PIN_C17; Fanout = 0; PIN Node = 'output[0]'
    Info: Total cell delay = 7.315 ns ( 74.83 % )
    Info: Total interconnect delay = 2.461 ns ( 25.17 % )
Info: Quartus II Classic Timing Analyzer was successful. 0 errors, 2 warnings
    Info: Peak virtual memory: 181 megabytes
    Info: Processing ended: Tue Apr 19 00:26:02 2022
    Info: Elapsed time: 00:00:01
    Info: Total CPU time (on all processors): 00:00:00


